gpasm-0.13.4 beta               interrupt_iface.asm7-27-2012  21:36:14          PAGE  1


LOC  OBJECT CODE     LINE SOURCE TEXT
  VALUE
 
               00001 ;--------------------------------------------------------
               00002 ; File Created by SDCC : FreeWare ANSI-C Compiler
               00003 ; Version 2.6.1 #4482 (Jul 27 2012)
               00004 ; This file generated Fri Jul 27 21:36:14 2012
               00005 ;--------------------------------------------------------
               00006 ; PIC16 port for the Microchip 16-bit core micros
               00007 ;--------------------------------------------------------
               00008         list    p=18f4550
               00009 
               00010         radix dec
               00011 
               00012 ;--------------------------------------------------------
               00013 ; public variables in this module
               00014 ;--------------------------------------------------------
               00015         global _high_priority_isr
               00016         global _low_priority_isr
               00017 ;--------------------------------------------------------
               00018 ;       Equates to used internal registers
               00019 ;--------------------------------------------------------
  00000FD8     00020 STATUS  equ     0xfd8
  00000FFA     00021 PCLATH  equ     0xffa
  00000FFB     00022 PCLATU  equ     0xffb
  00000FE8     00023 WREG    equ     0xfe8
  00000FE0     00024 BSR     equ     0xfe0
  00000FE9     00025 FSR0L   equ     0xfe9
  00000FEA     00026 FSR0H   equ     0xfea
  00000FE1     00027 FSR1L   equ     0xfe1
  00000FD9     00028 FSR2L   equ     0xfd9
  00000FE5     00029 POSTDEC1        equ     0xfe5
  00000FE4     00030 PREINC1 equ     0xfe4
  00000FF3     00031 PRODL   equ     0xff3
  00000FF4     00032 PRODH   equ     0xff4
               00033 
               00034 ;--------------------------------------------------------
               00035 ; global & static initialisations
               00036 ;--------------------------------------------------------
               00037 ; ; Starting pCode block
               00038 S_interrupt_iface__high_priority_isr    code    0X002020
2020           00039 _high_priority_isr:
               00040 ;       .line   28; interrupt_iface.c   void high_priority_isr(void) interrupt 1
2020 CFE8 FFE5 00041         MOVFF   WREG, POSTDEC1
2024 CFD8 FFE5 00042         MOVFF   STATUS, POSTDEC1
2028 CFE0 FFE5 00043         MOVFF   BSR, POSTDEC1
202C CFF3 FFE5 00044         MOVFF   PRODL, POSTDEC1
2030 CFF4 FFE5 00045         MOVFF   PRODH, POSTDEC1
2034 CFE9 FFE5 00046         MOVFF   FSR0L, POSTDEC1
2038 CFEA FFE5 00047         MOVFF   FSR0H, POSTDEC1
203C CFFA FFE5 00048         MOVFF   PCLATH, POSTDEC1
2040 CFFB FFE5 00049         MOVFF   PCLATU, POSTDEC1
               00050 ;       .line   30; interrupt_iface.c   }
2044 CFE4 FFFB 00051         MOVFF   PREINC1, PCLATU
2048 CFE4 FFFA 00052         MOVFF   PREINC1, PCLATH
204C CFE4 FFEA 00053         MOVFF   PREINC1, FSR0H
2050 CFE4 FFE9 00054         MOVFF   PREINC1, FSR0L
gpasm-0.13.4 beta               interrupt_iface.asm7-27-2012  21:36:14          PAGE  2


LOC  OBJECT CODE     LINE SOURCE TEXT
  VALUE
 
2054 CFE4 FFF4 00055         MOVFF   PREINC1, PRODH
2058 CFE4 FFF3 00056         MOVFF   PREINC1, PRODL
205C CFE4 FFE0 00057         MOVFF   PREINC1, BSR
2060 CFE4 FFD8 00058         MOVFF   PREINC1, STATUS
2064 CFE4 FFE8 00059         MOVFF   PREINC1, WREG
2068 0010      00060         RETFIE  
               00061 
               00062 ; ; Starting pCode block for absolute section
               00063 ; ;-----------------------------------------
               00064 S_interrupt_iface_ivec_0x1_high_priority_isr    code    0X000008
0008           00065 ivec_0x1_high_priority_isr:
0008 EF00 F000 00066         GOTO    _high_priority_isr
               00067 
               00068 ; ; Starting pCode block
               00069 S_interrupt_iface__low_priority_isr     code    0X004000
4000           00070 _low_priority_isr:
               00071 ;       .line   33; interrupt_iface.c   void low_priority_isr(void) interrupt 2
4000 CFE8 FFE5 00072         MOVFF   WREG, POSTDEC1
4004 CFD8 FFE5 00073         MOVFF   STATUS, POSTDEC1
4008 CFE0 FFE5 00074         MOVFF   BSR, POSTDEC1
400C CFF3 FFE5 00075         MOVFF   PRODL, POSTDEC1
4010 CFF4 FFE5 00076         MOVFF   PRODH, POSTDEC1
4014 CFE9 FFE5 00077         MOVFF   FSR0L, POSTDEC1
4018 CFEA FFE5 00078         MOVFF   FSR0H, POSTDEC1
401C CFFA FFE5 00079         MOVFF   PCLATH, POSTDEC1
4020 CFFB FFE5 00080         MOVFF   PCLATU, POSTDEC1
               00081 ;       .line   35; interrupt_iface.c   }
4024 CFE4 FFFB 00082         MOVFF   PREINC1, PCLATU
4028 CFE4 FFFA 00083         MOVFF   PREINC1, PCLATH
402C CFE4 FFEA 00084         MOVFF   PREINC1, FSR0H
4030 CFE4 FFE9 00085         MOVFF   PREINC1, FSR0L
4034 CFE4 FFF4 00086         MOVFF   PREINC1, PRODH
4038 CFE4 FFF3 00087         MOVFF   PREINC1, PRODL
403C CFE4 FFE0 00088         MOVFF   PREINC1, BSR
4040 CFE4 FFD8 00089         MOVFF   PREINC1, STATUS
4044 CFE4 FFE8 00090         MOVFF   PREINC1, WREG
4048 0010      00091         RETFIE  
               00092 
               00093 ; ; Starting pCode block for absolute section
               00094 ; ;-----------------------------------------
               00095 S_interrupt_iface_ivec_0x2_low_priority_isr     code    0X000018
0018           00096 ivec_0x2_low_priority_isr:
0018 EF00 F000 00097         GOTO    _low_priority_isr
               00098 
               00099 ; I code from now on!
               00100 
               00101 
               00102 ; Statistics:
               00103 ; code size:      152 (0x0098) bytes ( 0.12%)
               00104 ;                  76 (0x004c) words
               00105 ; udata size:       0 (0x0000) bytes ( 0.00%)
               00106 ; access size:      0 (0x0000) bytes
               00107 
               00108 
gpasm-0.13.4 beta               interrupt_iface.asm7-27-2012  21:36:14          PAGE  3


SYMBOL TABLE
  LABEL                             VALUE 

BSR                               00000FE0
FSR0H                             00000FEA
FSR0L                             00000FE9
FSR1L                             00000FE1
FSR2L                             00000FD9
PCLATH                            00000FFA
PCLATU                            00000FFB
POSTDEC1                          00000FE5
PREINC1                           00000FE4
PRODH                             00000FF4
PRODL                             00000FF3
STATUS                            00000FD8
WREG                              00000FE8
__18F4550                         00000001
_high_priority_isr                00002020
_low_priority_isr                 00004000
ivec_0x1_high_priority_isr        00000008
ivec_0x2_low_priority_isr         00000018


Errors   :       0
Warnings :       0 reported,       0 suppressed
Messages :       0 reported,       0 suppressed

