gplink-0.14.1 (Mar  6 2012)
Map File - Created 8-30-2012  15:34:04
 
                                 Section Info
                  Section       Type    Address   Location Size(Bytes)
                ---------  ---------  ---------  ---------  ---------
S_boot_iface__boot_goto_table       code   0x00001c    program   0x00005e
S_application_iface__application_data       code   0x002000    program   0x00001a
S_crt0ipinguino__application_main       code   0x00201a    program   0x000004
S_usb_descriptors__null_function       code   0x00201e    program   0x000002
S_main__high_priority_isr       code   0x002020    program   0x00005e
                    .code       code   0x00207e    program   0x000448
 S_main__SortServoTimings       code   0x0024c6    program   0x0003be
          S_main__pinmode       code   0x002884    program   0x0002c6
     S_main__digitalwrite       code   0x002b4a    program   0x0002c6
      S_main__digitalread       code   0x002e10    program   0x0001e8
      S_main__InDataStage       code   0x002ff8    program   0x0001c4
     S_main__OutDataStage       code   0x0031bc    program   0x00013c
             S_main__serv       code   0x0032f8    program   0x000138
          S_main__CDCgets       code   0x003430    program   0x00011e
          S_main__CDCputs       code   0x00354e    program   0x00011c
       S_main__SetFeature       code   0x00366a    program   0x000118
          S_main__activar       code   0x003782    program   0x000104
           S_main__sensor       code   0x003886    program   0x0000f2
             S_main__loop       code   0x003978    program   0x0000ee
        S_main__GetStatus       code   0x003a66    program   0x0000ec
    S_main__GetDescriptor       code   0x003b52    program   0x0000e6
      S_main__ServoAttach       code   0x003c38    program   0x0000e0
S_main__ProcessStandardRequest       code   0x003d18    program   0x0000da
      S_main__ServoDetach       code   0x003df2    program   0x0000d4
            S_main__setup       code   0x003ec6    program   0x0000c2
S_main__ProcessUSBTransactions       code   0x003f88    program   0x00006c
    S_main__ServosPulseUp       code   0x003ff4    program   0x00000a
     S_main__epapout_init       code   0x003ffe    program   0x000002
 S_main__low_priority_isr       code   0x004000    program   0x00004a
        S_main__sensordig       code   0x00404a    program   0x0000c2
       S_main__SetupStage       code   0x00410c    program   0x0000c2
            S_main__l293d       code   0x0041ce    program   0x0000ac
S_main__ProcessCDCRequest       code   0x00427a    program   0x0000a8
  S_main__ServosPulseDown       code   0x004322    program   0x0000a2
S_main__ProcessControlTransfer       code   0x0043c4    program   0x0000a2
          S_main__Delayms       code   0x004466    program   0x00009c
S_crt0ipinguino___do_cinit       code   0x004502    program   0x000098
                 .idata_i       code   0x00459a    program   0x00008c
       S_main__analogread       code   0x004626    program   0x000088
       S_main__ServoWrite       code   0x0046ae    program   0x000068
         S_main__init_CDC       code   0x004716    program   0x000062
  S_main__CDCInitEndpoint       code   0x004778    program   0x000060
          S_main__Delayus       code   0x0047d8    program   0x000052
      S_main__servos_init       code   0x00482a    program   0x00004a
 S_main__servos_interrupt       code   0x004874    program   0x000046
S_main__ServoMaximumPulse       code   0x0048ba    program   0x000046
        S_main__ServoRead       code   0x004900    program   0x000046
S_main__ServoMinimumPulse       code   0x004946    program   0x000044
         S_main__BusReset       code   0x00498a    program   0x000044
  S_main__EnableUSBModule       code   0x0049ce    program   0x00002c
    S_main__pinguino_main       code   0x0049fa    program   0x00002a
          S_main__Suspend       code   0x004a24    program   0x00002a
            S_main__Stall       code   0x004a4e    program   0x00001e
S_main__WaitForSetupStage       code   0x004a6c    program   0x00001a
S_crt0ipinguino___startup       code   0x004a86    program   0x000018
      S_main__analog_init       code   0x004a9e    program   0x000010
                   .cinit       code   0x004aae    program   0x00000e
        S_main__UnSuspend       code   0x004abc    program   0x000008
     S_main__StartOfFrame       code   0x004ac4    program   0x000004
      S_main__epapin_init       code   0x004ac8    program   0x000002
         S_main__epap_out       code   0x004aca    program   0x000002
          S_main__epap_in       code   0x004acc    program   0x000002
                   .idata      idata   0x000200       data   0x00008c
               .registers      udata   00000000       data   0x00000a
      ustat_boot_iface_00      udata   0x00005d       data   0x000003
            stack_section      udata   0x000100       data   0x000100
            udata_main_20      udata   0x00028c       data   0x000048
            udata_main_18      udata   0x0002d4       data   0x000012
            udata_main_17      udata   0x0002e6       data   0x000010
            udata_main_16      udata   0x0002f6       data   0x000008
             udata_main_8      udata   0x0002fe       data   0x000002
            udata_main_15      udata   0x000300       data   0x000007
             udata_main_7      udata   0x000307       data   0x000003
             udata_main_9      udata   0x00030a       data   0x000003
            udata_main_21      udata   0x00030d       data   0x000003
             udata_main_0      udata   0x000310       data   0x000001
             udata_main_1      udata   0x000311       data   0x000001
             udata_main_2      udata   0x000312       data   0x000001
             udata_main_3      udata   0x000313       data   0x000001
             udata_main_4      udata   0x000314       data   0x000001
             udata_main_5      udata   0x000315       data   0x000001
             udata_main_6      udata   0x000316       data   0x000001
            udata_main_10      udata   0x000317       data   0x000001
            udata_main_11      udata   0x000318       data   0x000001
            udata_main_12      udata   0x000319       data   0x000001
            udata_main_13      udata   0x00031a       data   0x000001
            udata_main_14      udata   0x00031b       data   0x000001
            udata_main_19      udata   0x00031c       data   0x000001
            udata_main_22      udata   0x00031d       data   0x000001
            udata_main_23      udata   0x00031e       data   0x000001
            udata_main_24      udata   0x00031f       data   0x000001
            ustat_main_00      udata   0x000400       data   0x000080
                  usbram5      udata   0x000500       data   0x000100
      ustat_pic18f4550_00      udata   0x000f62       data   0x000023
      ustat_pic18f4550_01      udata   0x000f89       data   0x000005
      ustat_pic18f4550_02      udata   0x000f92       data   0x000005
      ustat_pic18f4550_03      udata   0x000f9b       data   0x000001
      ustat_pic18f4550_04      udata   0x000f9d       data   0x000006
      ustat_pic18f4550_05      udata   0x000fa6       data   0x000004
      ustat_pic18f4550_06      udata   0x000fab       data   0x00000e
      ustat_pic18f4550_07      udata   0x000fba       data   0x00001a
      ustat_pic18f4550_08      udata   0x000fd5       data   0x00002b
 
                              Program Memory Usage
                               Start         End
                           ---------   ---------
                            0x002000    0x002019
                            0x00201e    0x00201f
                            0x00207e    0x0024c5
                            0x00459a    0x004625
                            0x004502    0x004599
                            0x004a86    0x004a9d
                            0x00201a    0x00201d
                            0x002020    0x00207d
                            0x004000    0x004049
                            0x0049fa    0x004a23
                            0x003978    0x003a65
                            0x003ec6    0x003f87
                            0x0032f8    0x00342f
                            0x003782    0x003885
                            0x00404a    0x00410b
                            0x003886    0x003977
                            0x0041ce    0x004279
                            0x003ffe    0x003fff
                            0x004ac8    0x004ac9
                            0x004aca    0x004acb
                            0x004acc    0x004acd
                            0x002884    0x002b49
                            0x002e10    0x002ff7
                            0x002b4a    0x002e0f
                            0x004874    0x0048b9
                            0x0048ba    0x0048ff
                            0x004946    0x004989
                            0x004900    0x004945
                            0x0046ae    0x004715
                            0x003df2    0x003ec5
                            0x003c38    0x003d17
                            0x0024c6    0x002883
                            0x003ff4    0x003ffd
                            0x004322    0x0043c3
                            0x00482a    0x004873
                            0x004626    0x0046ad
                            0x004a9e    0x004aad
                            0x004716    0x004777
                            0x0047d8    0x004829
                            0x004466    0x004501
                            0x004778    0x0047d7
                            0x00354e    0x003669
                            0x003430    0x00354d
                            0x00427a    0x004321
                            0x003f88    0x003ff3
                            0x00498a    0x0049cd
                            0x004a24    0x004a4d
                            0x004a4e    0x004a6b
                            0x004ac4    0x004ac7
                            0x004abc    0x004ac3
                            0x0049ce    0x0049f9
                            0x0043c4    0x004465
                            0x004a6c    0x004a85
                            0x00410c    0x0041cd
                            0x0031bc    0x0032f7
                            0x002ff8    0x0031bb
                            0x003d18    0x003df1
                            0x00366a    0x003781
                            0x003a66    0x003b51
                            0x003b52    0x003c37
                            0x00001c    0x000079
                            0x004aae    0x004abb
 
                            5526 program addresses used
 
                              Symbols
                     Name    Address   Location    Storage File
                ---------  ---------  ---------  --------- ---------
        _application_data   0x002000    program     extern application_iface.asm
           _null_function   0x00201e    program     extern usb_descriptors.asm
       _device_descriptor   0x00207e    program     extern usb_descriptors.asm
             _default_cfg   0x002090    program     extern usb_descriptors.asm
               _flash_cfg   0x0020a2    program     extern usb_descriptors.asm
         _application_cfg   0x0020c2    program     extern usb_descriptors.asm
_configuration_descriptor   0x0020e2    program     extern usb_descriptors.asm
                    _str0   0x0020ec    program     extern usb_descriptors.asm
                    _str1   0x0020f0    program     extern usb_descriptors.asm
                    _str2   0x002116    program     extern usb_descriptors.asm
                    _str3   0x002138    program     extern usb_descriptors.asm
                    _str4   0x00213c    program     extern usb_descriptors.asm
                    _str5   0x00214c    program     extern usb_descriptors.asm
                    _str6   0x002158    program     extern usb_descriptors.asm
       _string_descriptor   0x002174    program     extern usb_descriptors.asm
            _ep_init_cfg0   0x00218a    program     static usb_descriptors.asm
            _ep_init_cfg1   0x0021ba    program     static usb_descriptors.asm
            _ep_init_cfg2   0x0021ea    program     static usb_descriptors.asm
                 _ep_init   0x00221a    program     extern usb_descriptors.asm
              _ep_in_cfg0   0x002226    program     static usb_descriptors.asm
              _ep_in_cfg1   0x002256    program     static usb_descriptors.asm
              _ep_in_cfg2   0x002286    program     static usb_descriptors.asm
                   _ep_in   0x0022b6    program     extern usb_descriptors.asm
             _ep_out_cfg0   0x0022c2    program     static usb_descriptors.asm
             _ep_out_cfg1   0x0022f2    program     static usb_descriptors.asm
             _ep_out_cfg2   0x002322    program     static usb_descriptors.asm
                  _ep_out   0x002352    program     extern usb_descriptors.asm
           _ep_setup_cfg0   0x00235e    program     static usb_descriptors.asm
                _ep_setup   0x00238e    program     extern usb_descriptors.asm
                ___uflags   0x000200       data     extern obj/Debug/crt0ipinguino.asm
               __do_cinit   0x004502    program     extern obj/Debug/crt0ipinguino.asm
                     test   0x00451c    program     static obj/Debug/crt0ipinguino.asm
                    cont1   0x004522    program     static obj/Debug/crt0ipinguino.asm
                copy_loop   0x004570    program     static obj/Debug/crt0ipinguino.asm
            copy_one_byte   0x004576    program     static obj/Debug/crt0ipinguino.asm
             done_copying   0x004584    program     static obj/Debug/crt0ipinguino.asm
                     done   0x004598    program     static obj/Debug/crt0ipinguino.asm
                __startup   0x004a86    program     extern obj/Debug/crt0ipinguino.asm
                   lockup   0x004a9c    program     static obj/Debug/crt0ipinguino.asm
        _application_main   0x00201a    program     extern obj/Debug/crt0ipinguino.asm
            _CONTROL_LINE   0x000201       data     extern /home/valentin/github/icaro-bloques/tortucaro/main.asm
                   _phase   0x000202       data     extern /home/valentin/github/icaro-bloques/tortucaro/main.asm
          _needreordering   0x000203       data     extern /home/valentin/github/icaro-bloques/tortucaro/main.asm
            _timedivision   0x000204       data     extern /home/valentin/github/icaro-bloques/tortucaro/main.asm
         _activatedservos   0x000205       data     extern /home/valentin/github/icaro-bloques/tortucaro/main.asm
                   _rxstr   0x000208       data     extern /home/valentin/github/icaro-bloques/tortucaro/main.asm
                  _rxstr2   0x000248       data     extern /home/valentin/github/icaro-bloques/tortucaro/main.asm
                   _valor   0x000288       data     extern /home/valentin/github/icaro-bloques/tortucaro/main.asm
                  _valorb   0x00028a       data     extern /home/valentin/github/icaro-bloques/tortucaro/main.asm
                    r0x00   00000000       data     static /home/valentin/github/icaro-bloques/tortucaro/main.asm
                    r0x01   0x000001       data     static /home/valentin/github/icaro-bloques/tortucaro/main.asm
                    r0x02   0x000002       data     static /home/valentin/github/icaro-bloques/tortucaro/main.asm
                    r0x03   0x000003       data     static /home/valentin/github/icaro-bloques/tortucaro/main.asm
                    r0x04   0x000004       data     static /home/valentin/github/icaro-bloques/tortucaro/main.asm
                    r0x05   0x000005       data     static /home/valentin/github/icaro-bloques/tortucaro/main.asm
                    r0x06   0x000006       data     static /home/valentin/github/icaro-bloques/tortucaro/main.asm
                    r0x07   0x000007       data     static /home/valentin/github/icaro-bloques/tortucaro/main.asm
                    r0x08   0x000008       data     static /home/valentin/github/icaro-bloques/tortucaro/main.asm
                    r0x09   0x000009       data     static /home/valentin/github/icaro-bloques/tortucaro/main.asm
             _SetupPacket   0x000500       data     extern /home/valentin/github/icaro-bloques/tortucaro/main.asm
   _controlTransferBuffer   0x000540       data     extern /home/valentin/github/icaro-bloques/tortucaro/main.asm
             _CDCRxBuffer   0x000580       data     extern /home/valentin/github/icaro-bloques/tortucaro/main.asm
             _CDCTxBuffer   0x0005c0       data     extern /home/valentin/github/icaro-bloques/tortucaro/main.asm
           _deviceAddress   0x000310       data     extern /home/valentin/github/icaro-bloques/tortucaro/main.asm
          _HIDPostProcess   0x000311       data     extern /home/valentin/github/icaro-bloques/tortucaro/main.asm
             _hidIdleRate   0x000312       data     extern /home/valentin/github/icaro-bloques/tortucaro/main.asm
             _hidProtocol   0x000313       data     extern /home/valentin/github/icaro-bloques/tortucaro/main.asm
                _hidRxLen   0x000314       data     extern /home/valentin/github/icaro-bloques/tortucaro/main.asm
                 _loopvar   0x000315       data     extern /home/valentin/github/icaro-bloques/tortucaro/main.asm
          _requestHandled   0x000316       data     extern /home/valentin/github/icaro-bloques/tortucaro/main.asm
                  _outPtr   0x000307       data     extern /home/valentin/github/icaro-bloques/tortucaro/main.asm
                  _wCount   0x0002fe       data     extern /home/valentin/github/icaro-bloques/tortucaro/main.asm
                   _inPtr   0x00030a       data     extern /home/valentin/github/icaro-bloques/tortucaro/main.asm
             _selfPowered   0x000317       data     extern /home/valentin/github/icaro-bloques/tortucaro/main.asm
            _remoteWakeup   0x000318       data     extern /home/valentin/github/icaro-bloques/tortucaro/main.asm
             _deviceState   0x000319       data     extern /home/valentin/github/icaro-bloques/tortucaro/main.asm
    _currentConfiguration   0x00031a       data     extern /home/valentin/github/icaro-bloques/tortucaro/main.asm
       _ctrlTransferStage   0x00031b       data     extern /home/valentin/github/icaro-bloques/tortucaro/main.asm
             _line_config   0x000300       data     extern /home/valentin/github/icaro-bloques/tortucaro/main.asm
                     _zlp   0x0002f6       data     extern /home/valentin/github/icaro-bloques/tortucaro/main.asm
        _CDCControlBuffer   0x0002e6       data     extern /home/valentin/github/icaro-bloques/tortucaro/main.asm
             _servovalues   0x0002d4       data     extern /home/valentin/github/icaro-bloques/tortucaro/main.asm
             _timingindex   0x00031c       data     extern /home/valentin/github/icaro-bloques/tortucaro/main.asm
                 _timings   0x00028c       data     extern /home/valentin/github/icaro-bloques/tortucaro/main.asm
_SortServoTimings_mascaratotal_1_1   0x00030d       data     static /home/valentin/github/icaro-bloques/tortucaro/main.asm
           _receivedbyte2   0x00031d       data     extern /home/valentin/github/icaro-bloques/tortucaro/main.asm
                       _i   0x00031e       data     extern /home/valentin/github/icaro-bloques/tortucaro/main.asm
            _receivedbyte   0x00031f       data     extern /home/valentin/github/icaro-bloques/tortucaro/main.asm
                  _ep_bdt   0x000400       data     extern /home/valentin/github/icaro-bloques/tortucaro/main.asm
       _high_priority_isr   0x002020    program     extern /home/valentin/github/icaro-bloques/tortucaro/main.asm
               _01301_DS_   0x002054    program     static /home/valentin/github/icaro-bloques/tortucaro/main.asm
        _low_priority_isr   0x004000    program     extern /home/valentin/github/icaro-bloques/tortucaro/main.asm
           _pinguino_main   0x0049fa    program     extern /home/valentin/github/icaro-bloques/tortucaro/main.asm
               _01293_DS_   0x004a1c    program     static /home/valentin/github/icaro-bloques/tortucaro/main.asm
                    _loop   0x003978    program     extern /home/valentin/github/icaro-bloques/tortucaro/main.asm
               _01276_DS_   0x0039d0    program     static /home/valentin/github/icaro-bloques/tortucaro/main.asm
               _01277_DS_   0x0039d2    program     static /home/valentin/github/icaro-bloques/tortucaro/main.asm
               _01254_DS_   0x0039ea    program     static /home/valentin/github/icaro-bloques/tortucaro/main.asm
               _01278_DS_   0x0039fa    program     static /home/valentin/github/icaro-bloques/tortucaro/main.asm
               _01279_DS_   0x0039fc    program     static /home/valentin/github/icaro-bloques/tortucaro/main.asm
               _01256_DS_   0x003a00    program     static /home/valentin/github/icaro-bloques/tortucaro/main.asm
               _01280_DS_   0x003a10    program     static /home/valentin/github/icaro-bloques/tortucaro/main.asm
               _01281_DS_   0x003a12    program     static /home/valentin/github/icaro-bloques/tortucaro/main.asm
               _01258_DS_   0x003a16    program     static /home/valentin/github/icaro-bloques/tortucaro/main.asm
               _01282_DS_   0x003a26    program     static /home/valentin/github/icaro-bloques/tortucaro/main.asm
               _01283_DS_   0x003a28    program     static /home/valentin/github/icaro-bloques/tortucaro/main.asm
               _01260_DS_   0x003a2c    program     static /home/valentin/github/icaro-bloques/tortucaro/main.asm
               _01284_DS_   0x003a3c    program     static /home/valentin/github/icaro-bloques/tortucaro/main.asm
               _01285_DS_   0x003a3e    program     static /home/valentin/github/icaro-bloques/tortucaro/main.asm
               _01262_DS_   0x003a42    program     static /home/valentin/github/icaro-bloques/tortucaro/main.asm
               _01286_DS_   0x003a52    program     static /home/valentin/github/icaro-bloques/tortucaro/main.asm
               _01287_DS_   0x003a54    program     static /home/valentin/github/icaro-bloques/tortucaro/main.asm
               _01266_DS_   0x003a58    program     static /home/valentin/github/icaro-bloques/tortucaro/main.asm
                   _setup   0x003ec6    program     extern /home/valentin/github/icaro-bloques/tortucaro/main.asm
               _01240_DS_   0x003ece    program     static /home/valentin/github/icaro-bloques/tortucaro/main.asm
               _01243_DS_   0x003f08    program     static /home/valentin/github/icaro-bloques/tortucaro/main.asm
                    _serv   0x0032f8    program     extern /home/valentin/github/icaro-bloques/tortucaro/main.asm
               _01200_DS_   0x00331a    program     static /home/valentin/github/icaro-bloques/tortucaro/main.asm
               _01225_DS_   0x003346    program     static /home/valentin/github/icaro-bloques/tortucaro/main.asm
               _01226_DS_   0x003348    program     static /home/valentin/github/icaro-bloques/tortucaro/main.asm
               _01188_DS_   0x00334c    program     static /home/valentin/github/icaro-bloques/tortucaro/main.asm
               _01227_DS_   0x003356    program     static /home/valentin/github/icaro-bloques/tortucaro/main.asm
               _01228_DS_   0x003358    program     static /home/valentin/github/icaro-bloques/tortucaro/main.asm
               _01190_DS_   0x00335c    program     static /home/valentin/github/icaro-bloques/tortucaro/main.asm
               _01229_DS_   0x003366    program     static /home/valentin/github/icaro-bloques/tortucaro/main.asm
               _01230_DS_   0x003368    program     static /home/valentin/github/icaro-bloques/tortucaro/main.asm
               _01192_DS_   0x00336c    program     static /home/valentin/github/icaro-bloques/tortucaro/main.asm
               _01231_DS_   0x003376    program     static /home/valentin/github/icaro-bloques/tortucaro/main.asm
               _01232_DS_   0x003378    program     static /home/valentin/github/icaro-bloques/tortucaro/main.asm
               _01194_DS_   0x00337c    program     static /home/valentin/github/icaro-bloques/tortucaro/main.asm
               _01233_DS_   0x003386    program     static /home/valentin/github/icaro-bloques/tortucaro/main.asm
               _01234_DS_   0x003388    program     static /home/valentin/github/icaro-bloques/tortucaro/main.asm
               _01196_DS_   0x00338c    program     static /home/valentin/github/icaro-bloques/tortucaro/main.asm
               _01209_DS_   0x003390    program     static /home/valentin/github/icaro-bloques/tortucaro/main.asm
               _01204_DS_   0x0033c6    program     static /home/valentin/github/icaro-bloques/tortucaro/main.asm
               _01235_DS_   0x0033d2    program     static /home/valentin/github/icaro-bloques/tortucaro/main.asm
               _01207_DS_   0x0033fe    program     static /home/valentin/github/icaro-bloques/tortucaro/main.asm
                 _activar   0x003782    program     extern /home/valentin/github/icaro-bloques/tortucaro/main.asm
               _01173_DS_   0x0037ac    program     static /home/valentin/github/icaro-bloques/tortucaro/main.asm
               _01168_DS_   0x0037e2    program     static /home/valentin/github/icaro-bloques/tortucaro/main.asm
               _01182_DS_   0x0037ee    program     static /home/valentin/github/icaro-bloques/tortucaro/main.asm
               _01171_DS_   0x003856    program     static /home/valentin/github/icaro-bloques/tortucaro/main.asm
               _sensordig   0x00404a    program     extern /home/valentin/github/icaro-bloques/tortucaro/main.asm
               _01144_DS_   0x00405e    program     static /home/valentin/github/icaro-bloques/tortucaro/main.asm
               _01154_DS_   0x00408a    program     static /home/valentin/github/icaro-bloques/tortucaro/main.asm
               _01155_DS_   0x00408c    program     static /home/valentin/github/icaro-bloques/tortucaro/main.asm
               _01134_DS_   0x004092    program     static /home/valentin/github/icaro-bloques/tortucaro/main.asm
               _01156_DS_   0x00409c    program     static /home/valentin/github/icaro-bloques/tortucaro/main.asm
               _01157_DS_   0x00409e    program     static /home/valentin/github/icaro-bloques/tortucaro/main.asm
               _01136_DS_   0x0040a4    program     static /home/valentin/github/icaro-bloques/tortucaro/main.asm
               _01158_DS_   0x0040ae    program     static /home/valentin/github/icaro-bloques/tortucaro/main.asm
               _01159_DS_   0x0040b0    program     static /home/valentin/github/icaro-bloques/tortucaro/main.asm
               _01138_DS_   0x0040b6    program     static /home/valentin/github/icaro-bloques/tortucaro/main.asm
               _01160_DS_   0x0040c0    program     static /home/valentin/github/icaro-bloques/tortucaro/main.asm
               _01161_DS_   0x0040c2    program     static /home/valentin/github/icaro-bloques/tortucaro/main.asm
               _01140_DS_   0x0040c8    program     static /home/valentin/github/icaro-bloques/tortucaro/main.asm
                  _sensor   0x003886    program     extern /home/valentin/github/icaro-bloques/tortucaro/main.asm
               _01099_DS_   0x003898    program     static /home/valentin/github/icaro-bloques/tortucaro/main.asm
               _01113_DS_   0x0038c4    program     static /home/valentin/github/icaro-bloques/tortucaro/main.asm
               _01114_DS_   0x0038c6    program     static /home/valentin/github/icaro-bloques/tortucaro/main.asm
               _01081_DS_   0x0038ca    program     static /home/valentin/github/icaro-bloques/tortucaro/main.asm
               _01115_DS_   0x0038d4    program     static /home/valentin/github/icaro-bloques/tortucaro/main.asm
               _01116_DS_   0x0038d6    program     static /home/valentin/github/icaro-bloques/tortucaro/main.asm
               _01083_DS_   0x0038da    program     static /home/valentin/github/icaro-bloques/tortucaro/main.asm
               _01117_DS_   0x0038e4    program     static /home/valentin/github/icaro-bloques/tortucaro/main.asm
               _01118_DS_   0x0038e6    program     static /home/valentin/github/icaro-bloques/tortucaro/main.asm
               _01085_DS_   0x0038ea    program     static /home/valentin/github/icaro-bloques/tortucaro/main.asm
               _01119_DS_   0x0038f4    program     static /home/valentin/github/icaro-bloques/tortucaro/main.asm
               _01120_DS_   0x0038f6    program     static /home/valentin/github/icaro-bloques/tortucaro/main.asm
               _01087_DS_   0x0038fa    program     static /home/valentin/github/icaro-bloques/tortucaro/main.asm
               _01121_DS_   0x003904    program     static /home/valentin/github/icaro-bloques/tortucaro/main.asm
               _01122_DS_   0x003906    program     static /home/valentin/github/icaro-bloques/tortucaro/main.asm
               _01089_DS_   0x00390a    program     static /home/valentin/github/icaro-bloques/tortucaro/main.asm
               _01123_DS_   0x003914    program     static /home/valentin/github/icaro-bloques/tortucaro/main.asm
               _01124_DS_   0x003916    program     static /home/valentin/github/icaro-bloques/tortucaro/main.asm
               _01091_DS_   0x00391a    program     static /home/valentin/github/icaro-bloques/tortucaro/main.asm
               _01125_DS_   0x003924    program     static /home/valentin/github/icaro-bloques/tortucaro/main.asm
               _01126_DS_   0x003926    program     static /home/valentin/github/icaro-bloques/tortucaro/main.asm
               _01093_DS_   0x00392a    program     static /home/valentin/github/icaro-bloques/tortucaro/main.asm
               _01127_DS_   0x003934    program     static /home/valentin/github/icaro-bloques/tortucaro/main.asm
               _01128_DS_   0x003936    program     static /home/valentin/github/icaro-bloques/tortucaro/main.asm
               _01095_DS_   0x00393a    program     static /home/valentin/github/icaro-bloques/tortucaro/main.asm
                   _l293d   0x0041ce    program     extern /home/valentin/github/icaro-bloques/tortucaro/main.asm
               _01055_DS_   0x0041e2    program     static /home/valentin/github/icaro-bloques/tortucaro/main.asm
               _01066_DS_   0x00420e    program     static /home/valentin/github/icaro-bloques/tortucaro/main.asm
               _01067_DS_   0x004210    program     static /home/valentin/github/icaro-bloques/tortucaro/main.asm
               _01043_DS_   0x004216    program     static /home/valentin/github/icaro-bloques/tortucaro/main.asm
               _01068_DS_   0x004220    program     static /home/valentin/github/icaro-bloques/tortucaro/main.asm
               _01069_DS_   0x004222    program     static /home/valentin/github/icaro-bloques/tortucaro/main.asm
               _01045_DS_   0x004228    program     static /home/valentin/github/icaro-bloques/tortucaro/main.asm
               _01070_DS_   0x004232    program     static /home/valentin/github/icaro-bloques/tortucaro/main.asm
               _01071_DS_   0x004234    program     static /home/valentin/github/icaro-bloques/tortucaro/main.asm
               _01047_DS_   0x00423a    program     static /home/valentin/github/icaro-bloques/tortucaro/main.asm
               _01072_DS_   0x004244    program     static /home/valentin/github/icaro-bloques/tortucaro/main.asm
               _01073_DS_   0x004246    program     static /home/valentin/github/icaro-bloques/tortucaro/main.asm
               _01049_DS_   0x00424c    program     static /home/valentin/github/icaro-bloques/tortucaro/main.asm
               _01074_DS_   0x004256    program     static /home/valentin/github/icaro-bloques/tortucaro/main.asm
               _01075_DS_   0x004258    program     static /home/valentin/github/icaro-bloques/tortucaro/main.asm
               _01051_DS_   0x00425c    program     static /home/valentin/github/icaro-bloques/tortucaro/main.asm
            _epapout_init   0x003ffe    program     extern /home/valentin/github/icaro-bloques/tortucaro/main.asm
             _epapin_init   0x004ac8    program     extern /home/valentin/github/icaro-bloques/tortucaro/main.asm
                _epap_out   0x004aca    program     extern /home/valentin/github/icaro-bloques/tortucaro/main.asm
                 _epap_in   0x004acc    program     extern /home/valentin/github/icaro-bloques/tortucaro/main.asm
                 _pinmode   0x002884    program     extern /home/valentin/github/icaro-bloques/tortucaro/main.asm
               _01017_DS_   0x002926    program     static /home/valentin/github/icaro-bloques/tortucaro/main.asm
               _00987_DS_   0x00293a    program     static /home/valentin/github/icaro-bloques/tortucaro/main.asm
               _00989_DS_   0x00296e    program     static /home/valentin/github/icaro-bloques/tortucaro/main.asm
               _00991_DS_   0x00299e    program     static /home/valentin/github/icaro-bloques/tortucaro/main.asm
               _00993_DS_   0x0029d2    program     static /home/valentin/github/icaro-bloques/tortucaro/main.asm
               _00995_DS_   0x002a02    program     static /home/valentin/github/icaro-bloques/tortucaro/main.asm
               _00997_DS_   0x002a36    program     static /home/valentin/github/icaro-bloques/tortucaro/main.asm
               _00999_DS_   0x002a66    program     static /home/valentin/github/icaro-bloques/tortucaro/main.asm
               _01001_DS_   0x002a9a    program     static /home/valentin/github/icaro-bloques/tortucaro/main.asm
               _01003_DS_   0x002aca    program     static /home/valentin/github/icaro-bloques/tortucaro/main.asm
               _01005_DS_   0x002afe    program     static /home/valentin/github/icaro-bloques/tortucaro/main.asm
               _01008_DS_   0x002b28    program     static /home/valentin/github/icaro-bloques/tortucaro/main.asm
             _digitalread   0x002e10    program     extern /home/valentin/github/icaro-bloques/tortucaro/main.asm
               _00982_DS_   0x002e9e    program     static /home/valentin/github/icaro-bloques/tortucaro/main.asm
               _00952_DS_   0x002eb2    program     static /home/valentin/github/icaro-bloques/tortucaro/main.asm
               _00954_DS_   0x002ee8    program     static /home/valentin/github/icaro-bloques/tortucaro/main.asm
               _00956_DS_   0x002eee    program     static /home/valentin/github/icaro-bloques/tortucaro/main.asm
               _00958_DS_   0x002f24    program     static /home/valentin/github/icaro-bloques/tortucaro/main.asm
               _00960_DS_   0x002f2a    program     static /home/valentin/github/icaro-bloques/tortucaro/main.asm
               _00962_DS_   0x002f60    program     static /home/valentin/github/icaro-bloques/tortucaro/main.asm
               _00964_DS_   0x002f66    program     static /home/valentin/github/icaro-bloques/tortucaro/main.asm
               _00966_DS_   0x002f9c    program     static /home/valentin/github/icaro-bloques/tortucaro/main.asm
               _00968_DS_   0x002fa2    program     static /home/valentin/github/icaro-bloques/tortucaro/main.asm
               _00970_DS_   0x002fd4    program     static /home/valentin/github/icaro-bloques/tortucaro/main.asm
               _00972_DS_   0x002fda    program     static /home/valentin/github/icaro-bloques/tortucaro/main.asm
               _00973_DS_   0x002fde    program     static /home/valentin/github/icaro-bloques/tortucaro/main.asm
            _digitalwrite   0x002b4a    program     extern /home/valentin/github/icaro-bloques/tortucaro/main.asm
               _00947_DS_   0x002bec    program     static /home/valentin/github/icaro-bloques/tortucaro/main.asm
               _00917_DS_   0x002c00    program     static /home/valentin/github/icaro-bloques/tortucaro/main.asm
               _00919_DS_   0x002c34    program     static /home/valentin/github/icaro-bloques/tortucaro/main.asm
               _00921_DS_   0x002c64    program     static /home/valentin/github/icaro-bloques/tortucaro/main.asm
               _00923_DS_   0x002c98    program     static /home/valentin/github/icaro-bloques/tortucaro/main.asm
               _00925_DS_   0x002cc8    program     static /home/valentin/github/icaro-bloques/tortucaro/main.asm
               _00927_DS_   0x002cfc    program     static /home/valentin/github/icaro-bloques/tortucaro/main.asm
               _00929_DS_   0x002d2c    program     static /home/valentin/github/icaro-bloques/tortucaro/main.asm
               _00931_DS_   0x002d60    program     static /home/valentin/github/icaro-bloques/tortucaro/main.asm
               _00933_DS_   0x002d90    program     static /home/valentin/github/icaro-bloques/tortucaro/main.asm
               _00935_DS_   0x002dc4    program     static /home/valentin/github/icaro-bloques/tortucaro/main.asm
               _00938_DS_   0x002dee    program     static /home/valentin/github/icaro-bloques/tortucaro/main.asm
        _servos_interrupt   0x004874    program     extern /home/valentin/github/icaro-bloques/tortucaro/main.asm
               _00908_DS_   0x004898    program     static /home/valentin/github/icaro-bloques/tortucaro/main.asm
               _00912_DS_   0x0048b8    program     static /home/valentin/github/icaro-bloques/tortucaro/main.asm
       _ServoMaximumPulse   0x0048ba    program     extern /home/valentin/github/icaro-bloques/tortucaro/main.asm
               _00897_DS_   0x0048f2    program     static /home/valentin/github/icaro-bloques/tortucaro/main.asm
       _ServoMinimumPulse   0x004946    program     extern /home/valentin/github/icaro-bloques/tortucaro/main.asm
               _00887_DS_   0x00497c    program     static /home/valentin/github/icaro-bloques/tortucaro/main.asm
               _ServoRead   0x004900    program     extern /home/valentin/github/icaro-bloques/tortucaro/main.asm
               _00876_DS_   0x004920    program     static /home/valentin/github/icaro-bloques/tortucaro/main.asm
               _00877_DS_   0x004938    program     static /home/valentin/github/icaro-bloques/tortucaro/main.asm
              _ServoWrite   0x0046ae    program     extern /home/valentin/github/icaro-bloques/tortucaro/main.asm
               _00860_DS_   0x0046de    program     static /home/valentin/github/icaro-bloques/tortucaro/main.asm
               _00862_DS_   0x0046e8    program     static /home/valentin/github/icaro-bloques/tortucaro/main.asm
               _00863_DS_   0x004704    program     static /home/valentin/github/icaro-bloques/tortucaro/main.asm
             _ServoDetach   0x003df2    program     extern /home/valentin/github/icaro-bloques/tortucaro/main.asm
               _00842_DS_   0x003e4e    program     static /home/valentin/github/icaro-bloques/tortucaro/main.asm
               _00839_DS_   0x003e84    program     static /home/valentin/github/icaro-bloques/tortucaro/main.asm
               _00844_DS_   0x003eb0    program     static /home/valentin/github/icaro-bloques/tortucaro/main.asm
             _ServoAttach   0x003c38    program     extern /home/valentin/github/icaro-bloques/tortucaro/main.asm
               _00820_DS_   0x003c98    program     static /home/valentin/github/icaro-bloques/tortucaro/main.asm
               _00817_DS_   0x003cd2    program     static /home/valentin/github/icaro-bloques/tortucaro/main.asm
               _00822_DS_   0x003d02    program     static /home/valentin/github/icaro-bloques/tortucaro/main.asm
        _SortServoTimings   0x0024c6    program     static /home/valentin/github/icaro-bloques/tortucaro/main.asm
               _00762_DS_   0x0024f8    program     static /home/valentin/github/icaro-bloques/tortucaro/main.asm
               _00765_DS_   0x002544    program     static /home/valentin/github/icaro-bloques/tortucaro/main.asm
               _00759_DS_   0x002548    program     static /home/valentin/github/icaro-bloques/tortucaro/main.asm
               _00766_DS_   0x002556    program     static /home/valentin/github/icaro-bloques/tortucaro/main.asm
               _00732_DS_   0x002610    program     static /home/valentin/github/icaro-bloques/tortucaro/main.asm
               _00799_DS_   0x002624    program     static /home/valentin/github/icaro-bloques/tortucaro/main.asm
               _00757_DS_   0x002628    program     static /home/valentin/github/icaro-bloques/tortucaro/main.asm
               _00740_DS_   0x0026de    program     static /home/valentin/github/icaro-bloques/tortucaro/main.asm
               _00804_DS_   0x0026f2    program     static /home/valentin/github/icaro-bloques/tortucaro/main.asm
               _00754_DS_   0x00271e    program     static /home/valentin/github/icaro-bloques/tortucaro/main.asm
               _00748_DS_   0x0027cc    program     static /home/valentin/github/icaro-bloques/tortucaro/main.asm
               _00768_DS_   0x002808    program     static /home/valentin/github/icaro-bloques/tortucaro/main.asm
               _00769_DS_   0x00280c    program     static /home/valentin/github/icaro-bloques/tortucaro/main.asm
               _00761_DS_   0x002856    program     static /home/valentin/github/icaro-bloques/tortucaro/main.asm
           _ServosPulseUp   0x003ff4    program     static /home/valentin/github/icaro-bloques/tortucaro/main.asm
         _ServosPulseDown   0x004322    program     static /home/valentin/github/icaro-bloques/tortucaro/main.asm
               _00708_DS_   0x00433a    program     static /home/valentin/github/icaro-bloques/tortucaro/main.asm
               _00707_DS_   0x0043a4    program     static /home/valentin/github/icaro-bloques/tortucaro/main.asm
                    bucle   0x0043a8    program     static /home/valentin/github/icaro-bloques/tortucaro/main.asm
               _00712_DS_   0x0043b6    program     static /home/valentin/github/icaro-bloques/tortucaro/main.asm
             _servos_init   0x00482a    program     extern /home/valentin/github/icaro-bloques/tortucaro/main.asm
               _00692_DS_   0x004838    program     static /home/valentin/github/icaro-bloques/tortucaro/main.asm
               _00695_DS_   0x004858    program     static /home/valentin/github/icaro-bloques/tortucaro/main.asm
              _analogread   0x004626    program     extern /home/valentin/github/icaro-bloques/tortucaro/main.asm
               _00686_DS_   0x004660    program     static /home/valentin/github/icaro-bloques/tortucaro/main.asm
               _00681_DS_   0x004672    program     static /home/valentin/github/icaro-bloques/tortucaro/main.asm
             _analog_init   0x004a9e    program     extern /home/valentin/github/icaro-bloques/tortucaro/main.asm
                _init_CDC   0x004716    program     extern /home/valentin/github/icaro-bloques/tortucaro/main.asm
               _00663_DS_   0x004764    program     static /home/valentin/github/icaro-bloques/tortucaro/main.asm
               _00666_DS_   0x004776    program     static /home/valentin/github/icaro-bloques/tortucaro/main.asm
                 _Delayus   0x0047d8    program     extern /home/valentin/github/icaro-bloques/tortucaro/main.asm
               _00649_DS_   0x004800    program     static /home/valentin/github/icaro-bloques/tortucaro/main.asm
               _00658_DS_   0x00480a    program     static /home/valentin/github/icaro-bloques/tortucaro/main.asm
               _00653_DS_   0x004814    program     static /home/valentin/github/icaro-bloques/tortucaro/main.asm
                 _Delayms   0x004466    program     extern /home/valentin/github/icaro-bloques/tortucaro/main.asm
               _00635_DS_   0x0044ae    program     static /home/valentin/github/icaro-bloques/tortucaro/main.asm
               _00644_DS_   0x0044c4    program     static /home/valentin/github/icaro-bloques/tortucaro/main.asm
               _00639_DS_   0x0044dc    program     static /home/valentin/github/icaro-bloques/tortucaro/main.asm
         _CDCInitEndpoint   0x004778    program     extern /home/valentin/github/icaro-bloques/tortucaro/main.asm
                 _CDCputs   0x00354e    program     extern /home/valentin/github/icaro-bloques/tortucaro/main.asm
               _00602_DS_   0x0035a4    program     static /home/valentin/github/icaro-bloques/tortucaro/main.asm
               _00604_DS_   0x0035ae    program     static /home/valentin/github/icaro-bloques/tortucaro/main.asm
               _00620_DS_   0x0035be    program     static /home/valentin/github/icaro-bloques/tortucaro/main.asm
               _00609_DS_   0x0035c0    program     static /home/valentin/github/icaro-bloques/tortucaro/main.asm
               _00621_DS_   0x003600    program     static /home/valentin/github/icaro-bloques/tortucaro/main.asm
               _00608_DS_   0x00363a    program     static /home/valentin/github/icaro-bloques/tortucaro/main.asm
               _00613_DS_   0x00363c    program     static /home/valentin/github/icaro-bloques/tortucaro/main.asm
                 _CDCgets   0x003430    program     extern /home/valentin/github/icaro-bloques/tortucaro/main.asm
               _00573_DS_   0x003480    program     static /home/valentin/github/icaro-bloques/tortucaro/main.asm
               _00575_DS_   0x00348a    program     static /home/valentin/github/icaro-bloques/tortucaro/main.asm
               _00580_DS_   0x00349c    program     static /home/valentin/github/icaro-bloques/tortucaro/main.asm
               _00592_DS_   0x0034e4    program     static /home/valentin/github/icaro-bloques/tortucaro/main.asm
               _00579_DS_   0x00351e    program     static /home/valentin/github/icaro-bloques/tortucaro/main.asm
               _00584_DS_   0x003520    program     static /home/valentin/github/icaro-bloques/tortucaro/main.asm
       _ProcessCDCRequest   0x00427a    program     extern /home/valentin/github/icaro-bloques/tortucaro/main.asm
               _00534_DS_   0x00428a    program     static /home/valentin/github/icaro-bloques/tortucaro/main.asm
               _00557_DS_   0x004294    program     static /home/valentin/github/icaro-bloques/tortucaro/main.asm
               _00559_DS_   0x00429c    program     static /home/valentin/github/icaro-bloques/tortucaro/main.asm
               _00537_DS_   0x0042b0    program     static /home/valentin/github/icaro-bloques/tortucaro/main.asm
               _00538_DS_   0x0042ce    program     static /home/valentin/github/icaro-bloques/tortucaro/main.asm
               _00539_DS_   0x0042ec    program     static /home/valentin/github/icaro-bloques/tortucaro/main.asm
               _00541_DS_   0x0042fc    program     static /home/valentin/github/icaro-bloques/tortucaro/main.asm
               _00542_DS_   0x004300    program     static /home/valentin/github/icaro-bloques/tortucaro/main.asm
               _00544_DS_   0x00431c    program     static /home/valentin/github/icaro-bloques/tortucaro/main.asm
  _ProcessUSBTransactions   0x003f88    program     extern /home/valentin/github/icaro-bloques/tortucaro/main.asm
               _00483_DS_   0x003f9c    program     static /home/valentin/github/icaro-bloques/tortucaro/main.asm
               _00488_DS_   0x003fb2    program     static /home/valentin/github/icaro-bloques/tortucaro/main.asm
               _00491_DS_   0x003fbc    program     static /home/valentin/github/icaro-bloques/tortucaro/main.asm
               _00494_DS_   0x003fc6    program     static /home/valentin/github/icaro-bloques/tortucaro/main.asm
               _00497_DS_   0x003fd0    program     static /home/valentin/github/icaro-bloques/tortucaro/main.asm
               _00500_DS_   0x003fd8    program     static /home/valentin/github/icaro-bloques/tortucaro/main.asm
               _00507_DS_   0x003fee    program     static /home/valentin/github/icaro-bloques/tortucaro/main.asm
                _BusReset   0x00498a    program     extern /home/valentin/github/icaro-bloques/tortucaro/main.asm
               _00467_DS_   0x0049a0    program     static /home/valentin/github/icaro-bloques/tortucaro/main.asm
               _00469_DS_   0x0049b0    program     static /home/valentin/github/icaro-bloques/tortucaro/main.asm
                 _Suspend   0x004a24    program     extern /home/valentin/github/icaro-bloques/tortucaro/main.asm
                   _Stall   0x004a4e    program     extern /home/valentin/github/icaro-bloques/tortucaro/main.asm
               _00449_DS_   0x004a64    program     static /home/valentin/github/icaro-bloques/tortucaro/main.asm
            _StartOfFrame   0x004ac4    program     extern /home/valentin/github/icaro-bloques/tortucaro/main.asm
               _UnSuspend   0x004abc    program     extern /home/valentin/github/icaro-bloques/tortucaro/main.asm
         _EnableUSBModule   0x0049ce    program     extern /home/valentin/github/icaro-bloques/tortucaro/main.asm
               _00423_DS_   0x0049de    program     static /home/valentin/github/icaro-bloques/tortucaro/main.asm
               _00427_DS_   0x0049f8    program     static /home/valentin/github/icaro-bloques/tortucaro/main.asm
  _ProcessControlTransfer   0x0043c4    program     extern /home/valentin/github/icaro-bloques/tortucaro/main.asm
               _00377_DS_   0x0043e4    program     static /home/valentin/github/icaro-bloques/tortucaro/main.asm
               _00371_DS_   0x004402    program     static /home/valentin/github/icaro-bloques/tortucaro/main.asm
               _00374_DS_   0x00440a    program     static /home/valentin/github/icaro-bloques/tortucaro/main.asm
               _00393_DS_   0x004410    program     static /home/valentin/github/icaro-bloques/tortucaro/main.asm
               _00382_DS_   0x004436    program     static /home/valentin/github/icaro-bloques/tortucaro/main.asm
               _00385_DS_   0x004454    program     static /home/valentin/github/icaro-bloques/tortucaro/main.asm
               _00388_DS_   0x00445c    program     static /home/valentin/github/icaro-bloques/tortucaro/main.asm
               _00395_DS_   0x004460    program     static /home/valentin/github/icaro-bloques/tortucaro/main.asm
       _WaitForSetupStage   0x004a6c    program     extern /home/valentin/github/icaro-bloques/tortucaro/main.asm
              _SetupStage   0x00410c    program     extern /home/valentin/github/icaro-bloques/tortucaro/main.asm
               _00338_DS_   0x00413e    program     static /home/valentin/github/icaro-bloques/tortucaro/main.asm
               _00345_DS_   0x00415a    program     static /home/valentin/github/icaro-bloques/tortucaro/main.asm
               _00360_DS_   0x004172    program     static /home/valentin/github/icaro-bloques/tortucaro/main.asm
               _00340_DS_   0x00417c    program     static /home/valentin/github/icaro-bloques/tortucaro/main.asm
               _00342_DS_   0x0041ac    program     static /home/valentin/github/icaro-bloques/tortucaro/main.asm
               _00346_DS_   0x0041ca    program     static /home/valentin/github/icaro-bloques/tortucaro/main.asm
            _OutDataStage   0x0031bc    program     extern /home/valentin/github/icaro-bloques/tortucaro/main.asm
               _00321_DS_   0x003260    program     static /home/valentin/github/icaro-bloques/tortucaro/main.asm
               _00332_DS_   0x00326a    program     static /home/valentin/github/icaro-bloques/tortucaro/main.asm
               _11307_DS_   0x00329c    program     static /home/valentin/github/icaro-bloques/tortucaro/main.asm
               _21308_DS_   0x0032a2    program     static /home/valentin/github/icaro-bloques/tortucaro/main.asm
               _31309_DS_   0x0032bc    program     static /home/valentin/github/icaro-bloques/tortucaro/main.asm
               _41310_DS_   0x0032c2    program     static /home/valentin/github/icaro-bloques/tortucaro/main.asm
               _00325_DS_   0x0032ca    program     static /home/valentin/github/icaro-bloques/tortucaro/main.asm
             _InDataStage   0x002ff8    program     extern /home/valentin/github/icaro-bloques/tortucaro/main.asm
               _00310_DS_   0x003036    program     static /home/valentin/github/icaro-bloques/tortucaro/main.asm
               _00298_DS_   0x003042    program     static /home/valentin/github/icaro-bloques/tortucaro/main.asm
               _00299_DS_   0x003048    program     static /home/valentin/github/icaro-bloques/tortucaro/main.asm
               _00300_DS_   0x003126    program     static /home/valentin/github/icaro-bloques/tortucaro/main.asm
               _00316_DS_   0x003136    program     static /home/valentin/github/icaro-bloques/tortucaro/main.asm
               _51311_DS_   0x003168    program     static /home/valentin/github/icaro-bloques/tortucaro/main.asm
               _61312_DS_   0x00316e    program     static /home/valentin/github/icaro-bloques/tortucaro/main.asm
               _71313_DS_   0x003188    program     static /home/valentin/github/icaro-bloques/tortucaro/main.asm
               _81314_DS_   0x00318e    program     static /home/valentin/github/icaro-bloques/tortucaro/main.asm
               _00304_DS_   0x003192    program     static /home/valentin/github/icaro-bloques/tortucaro/main.asm
  _ProcessStandardRequest   0x003d18    program     extern /home/valentin/github/icaro-bloques/tortucaro/main.asm
               _00261_DS_   0x003d42    program     static /home/valentin/github/icaro-bloques/tortucaro/main.asm
               _00258_DS_   0x003d4e    program     static /home/valentin/github/icaro-bloques/tortucaro/main.asm
               _00233_DS_   0x003d6c    program     static /home/valentin/github/icaro-bloques/tortucaro/main.asm
               _00255_DS_   0x003d78    program     static /home/valentin/github/icaro-bloques/tortucaro/main.asm
               _00252_DS_   0x003d9c    program     static /home/valentin/github/icaro-bloques/tortucaro/main.asm
               _00249_DS_   0x003da6    program     static /home/valentin/github/icaro-bloques/tortucaro/main.asm
               _00244_DS_   0x003db2    program     static /home/valentin/github/icaro-bloques/tortucaro/main.asm
               _00245_DS_   0x003db8    program     static /home/valentin/github/icaro-bloques/tortucaro/main.asm
               _00242_DS_   0x003de0    program     static /home/valentin/github/icaro-bloques/tortucaro/main.asm
               _00263_DS_   0x003dec    program     static /home/valentin/github/icaro-bloques/tortucaro/main.asm
              _SetFeature   0x00366a    program     static /home/valentin/github/icaro-bloques/tortucaro/main.asm
               _00215_DS_   0x003692    program     static /home/valentin/github/icaro-bloques/tortucaro/main.asm
               _00182_DS_   0x0036a8    program     static /home/valentin/github/icaro-bloques/tortucaro/main.asm
               _00200_DS_   0x0036ae    program     static /home/valentin/github/icaro-bloques/tortucaro/main.asm
               _00219_DS_   0x0036b6    program     static /home/valentin/github/icaro-bloques/tortucaro/main.asm
               _00187_DS_   0x003706    program     static /home/valentin/github/icaro-bloques/tortucaro/main.asm
               _00192_DS_   0x00372e    program     static /home/valentin/github/icaro-bloques/tortucaro/main.asm
               _00189_DS_   0x003752    program     static /home/valentin/github/icaro-bloques/tortucaro/main.asm
               _00202_DS_   0x003770    program     static /home/valentin/github/icaro-bloques/tortucaro/main.asm
               _GetStatus   0x003a66    program     static /home/valentin/github/icaro-bloques/tortucaro/main.asm
               _00140_DS_   0x003a98    program     static /home/valentin/github/icaro-bloques/tortucaro/main.asm
               _00153_DS_   0x003aaa    program     static /home/valentin/github/icaro-bloques/tortucaro/main.asm
               _00150_DS_   0x003ab8    program     static /home/valentin/github/icaro-bloques/tortucaro/main.asm
               _00144_DS_   0x003b02    program     static /home/valentin/github/icaro-bloques/tortucaro/main.asm
               _00154_DS_   0x003b28    program     static /home/valentin/github/icaro-bloques/tortucaro/main.asm
               _00157_DS_   0x003b44    program     static /home/valentin/github/icaro-bloques/tortucaro/main.asm
           _GetDescriptor   0x003b52    program     static /home/valentin/github/icaro-bloques/tortucaro/main.asm
               _00126_DS_   0x003b6c    program     static /home/valentin/github/icaro-bloques/tortucaro/main.asm
               _00114_DS_   0x003b98    program     static /home/valentin/github/icaro-bloques/tortucaro/main.asm
               _00111_DS_   0x003bcc    program     static /home/valentin/github/icaro-bloques/tortucaro/main.asm
               _00108_DS_   0x003c1a    program     static /home/valentin/github/icaro-bloques/tortucaro/main.asm
               _00118_DS_   0x003c26    program     static /home/valentin/github/icaro-bloques/tortucaro/main.asm
    _libdevice_descriptor   0x00239a    program     extern /home/valentin/github/icaro-bloques/tortucaro/main.asm
_libconfiguration_descriptor   0x0023ac    program     extern /home/valentin/github/icaro-bloques/tortucaro/main.asm
    _libstring_descriptor   0x0023f0    program     extern /home/valentin/github/icaro-bloques/tortucaro/main.asm
              _servomasks   0x002468    program     extern /home/valentin/github/icaro-bloques/tortucaro/main.asm
                    _mask   0x00247a    program     extern /home/valentin/github/icaro-bloques/tortucaro/main.asm
                    _port   0x002498    program     extern /home/valentin/github/icaro-bloques/tortucaro/main.asm
                  __str_0   0x0024b6    program     static /home/valentin/github/icaro-bloques/tortucaro/main.asm
  _usb_active_alt_setting   0x00005d       data     extern boot_iface.asm
          _usb_active_cfg   0x00005e       data     extern boot_iface.asm
        _usb_device_state   0x00005f       data     extern boot_iface.asm
         _boot_goto_table   0x00001c    program     extern boot_iface.asm
            _boot_version   0x00001c    program     extern boot_iface.asm
      _dispatch_usb_event   0x00001e    program     extern boot_iface.asm
               _reset_usb   0x000022    program     extern boot_iface.asm
               _usb_sleep   0x000026    program     extern boot_iface.asm
          _fill_in_buffer   0x00002a    program     extern boot_iface.asm
                _ep0_init   0x00002e    program     extern boot_iface.asm
                  _ep0_in   0x000032    program     extern boot_iface.asm
               _ep0_setup   0x000036    program     extern boot_iface.asm
                _ep1_init   0x00003a    program     extern boot_iface.asm
                 _ep1_out   0x00003e    program     extern boot_iface.asm
                _ep2_init   0x000042    program     extern boot_iface.asm
                  _ep2_in   0x000046    program     extern boot_iface.asm
                __mullong   0x00004a    program     extern boot_iface.asm
                 __mulint   0x00004e    program     extern boot_iface.asm
               __gptrget1   0x000052    program     extern boot_iface.asm
               __gptrget2   0x000056    program     extern boot_iface.asm
               __gptrget3   0x00005a    program     extern boot_iface.asm
               __gptrget4   0x00005e    program     extern boot_iface.asm
               __gptrput1   0x000062    program     extern boot_iface.asm
               __gptrput2   0x000066    program     extern boot_iface.asm
               __gptrput3   0x00006a    program     extern boot_iface.asm
             _delay10ktcy   0x00006e    program     extern boot_iface.asm
              _delay1ktcy   0x000072    program     extern boot_iface.asm
              _delay10tcy   0x000076    program     extern boot_iface.asm
                 _SPPDATA   0x000f62       data     extern libdev18f4550_a-pic18f4550.asm
             _SPPDATAbits   0x000f62       data     extern libdev18f4550_a-pic18f4550.asm
                  _SPPCFG   0x000f63       data     extern libdev18f4550_a-pic18f4550.asm
              _SPPCFGbits   0x000f63       data     extern libdev18f4550_a-pic18f4550.asm
                  _SPPEPS   0x000f64       data     extern libdev18f4550_a-pic18f4550.asm
              _SPPEPSbits   0x000f64       data     extern libdev18f4550_a-pic18f4550.asm
                  _SPPCON   0x000f65       data     extern libdev18f4550_a-pic18f4550.asm
              _SPPCONbits   0x000f65       data     extern libdev18f4550_a-pic18f4550.asm
                   _UFRML   0x000f66       data     extern libdev18f4550_a-pic18f4550.asm
               _UFRMLbits   0x000f66       data     extern libdev18f4550_a-pic18f4550.asm
                   _UFRMH   0x000f67       data     extern libdev18f4550_a-pic18f4550.asm
               _UFRMHbits   0x000f67       data     extern libdev18f4550_a-pic18f4550.asm
                     _UIR   0x000f68       data     extern libdev18f4550_a-pic18f4550.asm
                 _UIRbits   0x000f68       data     extern libdev18f4550_a-pic18f4550.asm
                     _UIE   0x000f69       data     extern libdev18f4550_a-pic18f4550.asm
                 _UIEbits   0x000f69       data     extern libdev18f4550_a-pic18f4550.asm
                    _UEIR   0x000f6a       data     extern libdev18f4550_a-pic18f4550.asm
                _UEIRbits   0x000f6a       data     extern libdev18f4550_a-pic18f4550.asm
                    _UEIE   0x000f6b       data     extern libdev18f4550_a-pic18f4550.asm
                _UEIEbits   0x000f6b       data     extern libdev18f4550_a-pic18f4550.asm
                   _USTAT   0x000f6c       data     extern libdev18f4550_a-pic18f4550.asm
               _USTATbits   0x000f6c       data     extern libdev18f4550_a-pic18f4550.asm
                    _UCON   0x000f6d       data     extern libdev18f4550_a-pic18f4550.asm
                _UCONbits   0x000f6d       data     extern libdev18f4550_a-pic18f4550.asm
                   _UADDR   0x000f6e       data     extern libdev18f4550_a-pic18f4550.asm
               _UADDRbits   0x000f6e       data     extern libdev18f4550_a-pic18f4550.asm
                    _UCFG   0x000f6f       data     extern libdev18f4550_a-pic18f4550.asm
                _UCFGbits   0x000f6f       data     extern libdev18f4550_a-pic18f4550.asm
                    _UEP0   0x000f70       data     extern libdev18f4550_a-pic18f4550.asm
                _UEP0bits   0x000f70       data     extern libdev18f4550_a-pic18f4550.asm
                    _UEP1   0x000f71       data     extern libdev18f4550_a-pic18f4550.asm
                _UEP1bits   0x000f71       data     extern libdev18f4550_a-pic18f4550.asm
                    _UEP2   0x000f72       data     extern libdev18f4550_a-pic18f4550.asm
                _UEP2bits   0x000f72       data     extern libdev18f4550_a-pic18f4550.asm
                    _UEP3   0x000f73       data     extern libdev18f4550_a-pic18f4550.asm
                _UEP3bits   0x000f73       data     extern libdev18f4550_a-pic18f4550.asm
                    _UEP4   0x000f74       data     extern libdev18f4550_a-pic18f4550.asm
                _UEP4bits   0x000f74       data     extern libdev18f4550_a-pic18f4550.asm
                    _UEP5   0x000f75       data     extern libdev18f4550_a-pic18f4550.asm
                _UEP5bits   0x000f75       data     extern libdev18f4550_a-pic18f4550.asm
                    _UEP6   0x000f76       data     extern libdev18f4550_a-pic18f4550.asm
                _UEP6bits   0x000f76       data     extern libdev18f4550_a-pic18f4550.asm
                    _UEP7   0x000f77       data     extern libdev18f4550_a-pic18f4550.asm
                _UEP7bits   0x000f77       data     extern libdev18f4550_a-pic18f4550.asm
                    _UEP8   0x000f78       data     extern libdev18f4550_a-pic18f4550.asm
                _UEP8bits   0x000f78       data     extern libdev18f4550_a-pic18f4550.asm
                    _UEP9   0x000f79       data     extern libdev18f4550_a-pic18f4550.asm
                _UEP9bits   0x000f79       data     extern libdev18f4550_a-pic18f4550.asm
                   _UEP10   0x000f7a       data     extern libdev18f4550_a-pic18f4550.asm
               _UEP10bits   0x000f7a       data     extern libdev18f4550_a-pic18f4550.asm
                   _UEP11   0x000f7b       data     extern libdev18f4550_a-pic18f4550.asm
               _UEP11bits   0x000f7b       data     extern libdev18f4550_a-pic18f4550.asm
                   _UEP12   0x000f7c       data     extern libdev18f4550_a-pic18f4550.asm
               _UEP12bits   0x000f7c       data     extern libdev18f4550_a-pic18f4550.asm
                   _UEP13   0x000f7d       data     extern libdev18f4550_a-pic18f4550.asm
               _UEP13bits   0x000f7d       data     extern libdev18f4550_a-pic18f4550.asm
                   _UEP14   0x000f7e       data     extern libdev18f4550_a-pic18f4550.asm
               _UEP14bits   0x000f7e       data     extern libdev18f4550_a-pic18f4550.asm
                   _UEP15   0x000f7f       data     extern libdev18f4550_a-pic18f4550.asm
               _UEP15bits   0x000f7f       data     extern libdev18f4550_a-pic18f4550.asm
                   _PORTA   0x000f80       data     extern libdev18f4550_a-pic18f4550.asm
               _PORTAbits   0x000f80       data     extern libdev18f4550_a-pic18f4550.asm
                   _PORTB   0x000f81       data     extern libdev18f4550_a-pic18f4550.asm
               _PORTBbits   0x000f81       data     extern libdev18f4550_a-pic18f4550.asm
                   _PORTC   0x000f82       data     extern libdev18f4550_a-pic18f4550.asm
               _PORTCbits   0x000f82       data     extern libdev18f4550_a-pic18f4550.asm
                   _PORTD   0x000f83       data     extern libdev18f4550_a-pic18f4550.asm
               _PORTDbits   0x000f83       data     extern libdev18f4550_a-pic18f4550.asm
                   _PORTE   0x000f84       data     extern libdev18f4550_a-pic18f4550.asm
               _PORTEbits   0x000f84       data     extern libdev18f4550_a-pic18f4550.asm
                    _LATA   0x000f89       data     extern libdev18f4550_a-pic18f4550.asm
                _LATAbits   0x000f89       data     extern libdev18f4550_a-pic18f4550.asm
                    _LATB   0x000f8a       data     extern libdev18f4550_a-pic18f4550.asm
                _LATBbits   0x000f8a       data     extern libdev18f4550_a-pic18f4550.asm
                    _LATC   0x000f8b       data     extern libdev18f4550_a-pic18f4550.asm
                _LATCbits   0x000f8b       data     extern libdev18f4550_a-pic18f4550.asm
                    _LATD   0x000f8c       data     extern libdev18f4550_a-pic18f4550.asm
                _LATDbits   0x000f8c       data     extern libdev18f4550_a-pic18f4550.asm
                    _LATE   0x000f8d       data     extern libdev18f4550_a-pic18f4550.asm
                _LATEbits   0x000f8d       data     extern libdev18f4550_a-pic18f4550.asm
                   _TRISA   0x000f92       data     extern libdev18f4550_a-pic18f4550.asm
               _TRISAbits   0x000f92       data     extern libdev18f4550_a-pic18f4550.asm
                   _TRISB   0x000f93       data     extern libdev18f4550_a-pic18f4550.asm
               _TRISBbits   0x000f93       data     extern libdev18f4550_a-pic18f4550.asm
                   _TRISC   0x000f94       data     extern libdev18f4550_a-pic18f4550.asm
               _TRISCbits   0x000f94       data     extern libdev18f4550_a-pic18f4550.asm
                   _TRISD   0x000f95       data     extern libdev18f4550_a-pic18f4550.asm
               _TRISDbits   0x000f95       data     extern libdev18f4550_a-pic18f4550.asm
                   _TRISE   0x000f96       data     extern libdev18f4550_a-pic18f4550.asm
               _TRISEbits   0x000f96       data     extern libdev18f4550_a-pic18f4550.asm
                 _OSCTUNE   0x000f9b       data     extern libdev18f4550_a-pic18f4550.asm
             _OSCTUNEbits   0x000f9b       data     extern libdev18f4550_a-pic18f4550.asm
                    _PIE1   0x000f9d       data     extern libdev18f4550_a-pic18f4550.asm
                _PIE1bits   0x000f9d       data     extern libdev18f4550_a-pic18f4550.asm
                    _PIR1   0x000f9e       data     extern libdev18f4550_a-pic18f4550.asm
                _PIR1bits   0x000f9e       data     extern libdev18f4550_a-pic18f4550.asm
                    _IPR1   0x000f9f       data     extern libdev18f4550_a-pic18f4550.asm
                _IPR1bits   0x000f9f       data     extern libdev18f4550_a-pic18f4550.asm
                    _PIE2   0x000fa0       data     extern libdev18f4550_a-pic18f4550.asm
                _PIE2bits   0x000fa0       data     extern libdev18f4550_a-pic18f4550.asm
                    _PIR2   0x000fa1       data     extern libdev18f4550_a-pic18f4550.asm
                _PIR2bits   0x000fa1       data     extern libdev18f4550_a-pic18f4550.asm
                    _IPR2   0x000fa2       data     extern libdev18f4550_a-pic18f4550.asm
                _IPR2bits   0x000fa2       data     extern libdev18f4550_a-pic18f4550.asm
                  _EECON1   0x000fa6       data     extern libdev18f4550_a-pic18f4550.asm
              _EECON1bits   0x000fa6       data     extern libdev18f4550_a-pic18f4550.asm
                  _EECON2   0x000fa7       data     extern libdev18f4550_a-pic18f4550.asm
                  _EEDATA   0x000fa8       data     extern libdev18f4550_a-pic18f4550.asm
                   _EEADR   0x000fa9       data     extern libdev18f4550_a-pic18f4550.asm
                   _RCSTA   0x000fab       data     extern libdev18f4550_a-pic18f4550.asm
               _RCSTAbits   0x000fab       data     extern libdev18f4550_a-pic18f4550.asm
                   _TXSTA   0x000fac       data     extern libdev18f4550_a-pic18f4550.asm
               _TXSTAbits   0x000fac       data     extern libdev18f4550_a-pic18f4550.asm
                   _TXREG   0x000fad       data     extern libdev18f4550_a-pic18f4550.asm
                   _RCREG   0x000fae       data     extern libdev18f4550_a-pic18f4550.asm
                   _SPBRG   0x000faf       data     extern libdev18f4550_a-pic18f4550.asm
                  _SPBRGH   0x000fb0       data     extern libdev18f4550_a-pic18f4550.asm
                   _T3CON   0x000fb1       data     extern libdev18f4550_a-pic18f4550.asm
               _T3CONbits   0x000fb1       data     extern libdev18f4550_a-pic18f4550.asm
                   _TMR3L   0x000fb2       data     extern libdev18f4550_a-pic18f4550.asm
                   _TMR3H   0x000fb3       data     extern libdev18f4550_a-pic18f4550.asm
                   _CMCON   0x000fb4       data     extern libdev18f4550_a-pic18f4550.asm
               _CMCONbits   0x000fb4       data     extern libdev18f4550_a-pic18f4550.asm
                  _CVRCON   0x000fb5       data     extern libdev18f4550_a-pic18f4550.asm
              _CVRCONbits   0x000fb5       data     extern libdev18f4550_a-pic18f4550.asm
                 _ECCP1AS   0x000fb6       data     extern libdev18f4550_a-pic18f4550.asm
             _ECCP1ASbits   0x000fb6       data     extern libdev18f4550_a-pic18f4550.asm
                _ECCP1DEL   0x000fb7       data     extern libdev18f4550_a-pic18f4550.asm
            _ECCP1DELbits   0x000fb7       data     extern libdev18f4550_a-pic18f4550.asm
                 _BAUDCON   0x000fb8       data     extern libdev18f4550_a-pic18f4550.asm
             _BAUDCONbits   0x000fb8       data     extern libdev18f4550_a-pic18f4550.asm
                 _CCP2CON   0x000fba       data     extern libdev18f4550_a-pic18f4550.asm
             _CCP2CONbits   0x000fba       data     extern libdev18f4550_a-pic18f4550.asm
                  _CCPR2L   0x000fbb       data     extern libdev18f4550_a-pic18f4550.asm
                  _CCPR2H   0x000fbc       data     extern libdev18f4550_a-pic18f4550.asm
                 _CCP1CON   0x000fbd       data     extern libdev18f4550_a-pic18f4550.asm
             _CCP1CONbits   0x000fbd       data     extern libdev18f4550_a-pic18f4550.asm
                  _CCPR1L   0x000fbe       data     extern libdev18f4550_a-pic18f4550.asm
                  _CCPR1H   0x000fbf       data     extern libdev18f4550_a-pic18f4550.asm
                  _ADCON2   0x000fc0       data     extern libdev18f4550_a-pic18f4550.asm
              _ADCON2bits   0x000fc0       data     extern libdev18f4550_a-pic18f4550.asm
                  _ADCON1   0x000fc1       data     extern libdev18f4550_a-pic18f4550.asm
              _ADCON1bits   0x000fc1       data     extern libdev18f4550_a-pic18f4550.asm
                  _ADCON0   0x000fc2       data     extern libdev18f4550_a-pic18f4550.asm
              _ADCON0bits   0x000fc2       data     extern libdev18f4550_a-pic18f4550.asm
                  _ADRESL   0x000fc3       data     extern libdev18f4550_a-pic18f4550.asm
                  _ADRESH   0x000fc4       data     extern libdev18f4550_a-pic18f4550.asm
                 _SSPCON2   0x000fc5       data     extern libdev18f4550_a-pic18f4550.asm
             _SSPCON2bits   0x000fc5       data     extern libdev18f4550_a-pic18f4550.asm
                 _SSPCON1   0x000fc6       data     extern libdev18f4550_a-pic18f4550.asm
             _SSPCON1bits   0x000fc6       data     extern libdev18f4550_a-pic18f4550.asm
                 _SSPSTAT   0x000fc7       data     extern libdev18f4550_a-pic18f4550.asm
             _SSPSTATbits   0x000fc7       data     extern libdev18f4550_a-pic18f4550.asm
                  _SSPADD   0x000fc8       data     extern libdev18f4550_a-pic18f4550.asm
                  _SSPBUF   0x000fc9       data     extern libdev18f4550_a-pic18f4550.asm
                   _T2CON   0x000fca       data     extern libdev18f4550_a-pic18f4550.asm
               _T2CONbits   0x000fca       data     extern libdev18f4550_a-pic18f4550.asm
                     _PR2   0x000fcb       data     extern libdev18f4550_a-pic18f4550.asm
                    _TMR2   0x000fcc       data     extern libdev18f4550_a-pic18f4550.asm
                   _T1CON   0x000fcd       data     extern libdev18f4550_a-pic18f4550.asm
               _T1CONbits   0x000fcd       data     extern libdev18f4550_a-pic18f4550.asm
                   _TMR1L   0x000fce       data     extern libdev18f4550_a-pic18f4550.asm
                   _TMR1H   0x000fcf       data     extern libdev18f4550_a-pic18f4550.asm
                    _RCON   0x000fd0       data     extern libdev18f4550_a-pic18f4550.asm
                _RCONbits   0x000fd0       data     extern libdev18f4550_a-pic18f4550.asm
                  _WDTCON   0x000fd1       data     extern libdev18f4550_a-pic18f4550.asm
              _WDTCONbits   0x000fd1       data     extern libdev18f4550_a-pic18f4550.asm
                 _HLVDCON   0x000fd2       data     extern libdev18f4550_a-pic18f4550.asm
             _HLVDCONbits   0x000fd2       data     extern libdev18f4550_a-pic18f4550.asm
                  _OSCCON   0x000fd3       data     extern libdev18f4550_a-pic18f4550.asm
              _OSCCONbits   0x000fd3       data     extern libdev18f4550_a-pic18f4550.asm
                   _T0CON   0x000fd5       data     extern libdev18f4550_a-pic18f4550.asm
               _T0CONbits   0x000fd5       data     extern libdev18f4550_a-pic18f4550.asm
                   _TMR0L   0x000fd6       data     extern libdev18f4550_a-pic18f4550.asm
                   _TMR0H   0x000fd7       data     extern libdev18f4550_a-pic18f4550.asm
                  _STATUS   0x000fd8       data     extern libdev18f4550_a-pic18f4550.asm
              _STATUSbits   0x000fd8       data     extern libdev18f4550_a-pic18f4550.asm
                   _FSR2L   0x000fd9       data     extern libdev18f4550_a-pic18f4550.asm
                   _FSR2H   0x000fda       data     extern libdev18f4550_a-pic18f4550.asm
               _FSR2Hbits   0x000fda       data     extern libdev18f4550_a-pic18f4550.asm
                  _PLUSW2   0x000fdb       data     extern libdev18f4550_a-pic18f4550.asm
                 _PREINC2   0x000fdc       data     extern libdev18f4550_a-pic18f4550.asm
                _POSTDEC2   0x000fdd       data     extern libdev18f4550_a-pic18f4550.asm
                _POSTINC2   0x000fde       data     extern libdev18f4550_a-pic18f4550.asm
                   _INDF2   0x000fdf       data     extern libdev18f4550_a-pic18f4550.asm
                     _BSR   0x000fe0       data     extern libdev18f4550_a-pic18f4550.asm
                 _BSRbits   0x000fe0       data     extern libdev18f4550_a-pic18f4550.asm
                   _FSR1L   0x000fe1       data     extern libdev18f4550_a-pic18f4550.asm
                   _FSR1H   0x000fe2       data     extern libdev18f4550_a-pic18f4550.asm
               _FSR1Hbits   0x000fe2       data     extern libdev18f4550_a-pic18f4550.asm
                  _PLUSW1   0x000fe3       data     extern libdev18f4550_a-pic18f4550.asm
                 _PREINC1   0x000fe4       data     extern libdev18f4550_a-pic18f4550.asm
                _POSTDEC1   0x000fe5       data     extern libdev18f4550_a-pic18f4550.asm
                _POSTINC1   0x000fe6       data     extern libdev18f4550_a-pic18f4550.asm
                   _INDF1   0x000fe7       data     extern libdev18f4550_a-pic18f4550.asm
                    _WREG   0x000fe8       data     extern libdev18f4550_a-pic18f4550.asm
                   _FSR0L   0x000fe9       data     extern libdev18f4550_a-pic18f4550.asm
                   _FSR0H   0x000fea       data     extern libdev18f4550_a-pic18f4550.asm
               _FSR0Hbits   0x000fea       data     extern libdev18f4550_a-pic18f4550.asm
                  _PLUSW0   0x000feb       data     extern libdev18f4550_a-pic18f4550.asm
                 _PREINC0   0x000fec       data     extern libdev18f4550_a-pic18f4550.asm
                _POSTDEC0   0x000fed       data     extern libdev18f4550_a-pic18f4550.asm
                _POSTINC0   0x000fee       data     extern libdev18f4550_a-pic18f4550.asm
                   _INDF0   0x000fef       data     extern libdev18f4550_a-pic18f4550.asm
                 _INTCON3   0x000ff0       data     extern libdev18f4550_a-pic18f4550.asm
             _INTCON3bits   0x000ff0       data     extern libdev18f4550_a-pic18f4550.asm
                 _INTCON2   0x000ff1       data     extern libdev18f4550_a-pic18f4550.asm
             _INTCON2bits   0x000ff1       data     extern libdev18f4550_a-pic18f4550.asm
                  _INTCON   0x000ff2       data     extern libdev18f4550_a-pic18f4550.asm
              _INTCONbits   0x000ff2       data     extern libdev18f4550_a-pic18f4550.asm
                   _PRODL   0x000ff3       data     extern libdev18f4550_a-pic18f4550.asm
                   _PRODH   0x000ff4       data     extern libdev18f4550_a-pic18f4550.asm
                  _TABLAT   0x000ff5       data     extern libdev18f4550_a-pic18f4550.asm
                 _TBLPTRL   0x000ff6       data     extern libdev18f4550_a-pic18f4550.asm
                 _TBLPTRH   0x000ff7       data     extern libdev18f4550_a-pic18f4550.asm
                 _TBLPTRU   0x000ff8       data     extern libdev18f4550_a-pic18f4550.asm
             _TBLPTRUbits   0x000ff8       data     extern libdev18f4550_a-pic18f4550.asm
                     _PCL   0x000ff9       data     extern libdev18f4550_a-pic18f4550.asm
                  _PCLATH   0x000ffa       data     extern libdev18f4550_a-pic18f4550.asm
              _PCLATHbits   0x000ffa       data     extern libdev18f4550_a-pic18f4550.asm
                  _PCLATU   0x000ffb       data     extern libdev18f4550_a-pic18f4550.asm
              _PCLATUbits   0x000ffb       data     extern libdev18f4550_a-pic18f4550.asm
                  _STKPTR   0x000ffc       data     extern libdev18f4550_a-pic18f4550.asm
              _STKPTRbits   0x000ffc       data     extern libdev18f4550_a-pic18f4550.asm
                    _TOSL   0x000ffd       data     extern libdev18f4550_a-pic18f4550.asm
                    _TOSH   0x000ffe       data     extern libdev18f4550_a-pic18f4550.asm
                    _TOSU   0x000fff       data     extern libdev18f4550_a-pic18f4550.asm
                _TOSUbits   0x000fff       data     extern libdev18f4550_a-pic18f4550.asm
                   _stack   0x000100       data     extern stack/stack.S
               _stack_end   0x0001ff       data     extern stack/stack.S
                   _cinit   0x004aae    program     extern  
 
